// Jest Snapshot v1, https://goo.gl/fbAQLP

exports[`Prueba del componente GifGridItem Debe mostrar el componente correctamente 1`] = `
<div
  className="card animate__animated animate__fadeIn animate__delay-2s"
>
  <img
    alt="Soy un Titulo"
    src="http://localhost/algo.jpg"
  />
  <p>
     
    Soy un Titulo
     
  </p>
</div>
`;
